---
source: style-optimizer/tests/complexity.rs
expression: report
---
layer_count: 3
filter_count: 2
property_count: 4
expression_property_count: 2
scalar_property_count: 2
total_expression_nodes: 42
ast_nodes: 13
max_depth: 3
expression_types:
  "==": 2
  all: 1
  geometry-type: 1
  get: 2
  interpolate: 1
  linear: 1
  match: 1
  motorway: 1
  step: 1
  zoom: 2
