---
source: maplibre-style-spec/src/generator/items/enum/syntax.rs
expression: "crate::generator::generate_spec_scope(&spec)"
---
/// JSON number in an expression position
#[derive(serde::Deserialize, serde::Serialize, PartialEq, Debug, Clone)]
#[cfg_attr(feature = "fuzz", derive(arbitrary::Arbitrary))]
pub struct NumberLiteral(
    #[cfg_attr(feature = "fuzz", arbitrary(with = crate::fuzz_helpers::arbitrary_json_number))]
    serde_json::Number,
);

/// JSON string in an expression position
#[derive(serde::Deserialize, serde::Serialize, PartialEq, Debug, Clone)]
#[cfg_attr(feature = "fuzz", derive(arbitrary::Arbitrary))]
pub struct StringLiteral(std::string::String);

/// GeoJSON object literal
#[derive(serde::Deserialize, serde::Serialize, PartialEq, Debug, Clone)]
#[cfg_attr(feature = "fuzz", derive(arbitrary::Arbitrary))]
pub struct GeoJSONObjectLiteral(
    #[cfg_attr(feature = "fuzz", arbitrary(with = crate::fuzz_helpers::arbitrary_geojson))]
    geojson::GeoJson,
);

/// JSON object literal
#[derive(serde::Deserialize, serde::Serialize, PartialEq, Debug, Clone)]
#[cfg_attr(feature = "fuzz", derive(arbitrary::Arbitrary))]
pub struct JSONObjectLiteral(
    #[cfg_attr(feature = "fuzz", arbitrary(with = crate::fuzz_helpers::arbitrary_json_value))]
    serde_json::Value,
);

/// JSON array literal
#[derive(serde::Deserialize, serde::Serialize, PartialEq, Debug, Clone)]
#[cfg_attr(feature = "fuzz", derive(arbitrary::Arbitrary))]
pub struct JSONArrayLiteral(
    #[cfg_attr(feature = "fuzz", arbitrary(with = crate::fuzz_helpers::arbitrary_vec_json_value))]
    Vec<serde_json::Value>,
);

/// Array whose elements are string literals (e.g. match labels)
#[derive(serde::Deserialize, serde::Serialize, PartialEq, Debug, Clone)]
#[cfg_attr(feature = "fuzz", derive(arbitrary::Arbitrary))]
pub struct ArrayOfStringLiteral(Vec<StringLiteral>);

/// Array whose elements are number literals (e.g. match labels)
#[derive(serde::Deserialize, serde::Serialize, PartialEq, Debug, Clone)]
#[cfg_attr(feature = "fuzz", derive(arbitrary::Arbitrary))]
pub struct ArrayOfNumberLiteral(Vec<NumberLiteral>);

/// This is a Maplibre Style Specification
#[derive(serde::Deserialize, serde::Serialize, PartialEq, Debug, Clone)]
#[cfg_attr(feature = "fuzz", derive(arbitrary::Arbitrary))]
pub struct MaplibreStyleSpecification;

/// Either of the below variants
#[derive(serde::Deserialize, serde::Serialize, PartialEq, Debug, Clone)]
#[serde(untagged)]
#[cfg_attr(feature = "fuzz", derive(arbitrary::Arbitrary))]
pub enum StringLiteralOrStringOrImageOrAnyAsUnion {
    StringLiteral(StringLiteral),
    String(Box<String>),
    Image(Image),
    Any(Box<Any>),
}

/// Tuple row for variadic (content, optional style object) pairs.
#[derive(serde::Deserialize, serde::Serialize, PartialEq, Debug, Clone)]
#[cfg_attr(feature = "fuzz", derive(arbitrary::Arbitrary))]
pub struct ExpressionNameFormatVariadicRow(
    StringLiteralOrStringOrImageOrAnyAsUnion,
    #[cfg_attr(feature = "fuzz", arbitrary(with = crate::fuzz_helpers::arbitrary_option_json_map))]
    Option<serde_json::Map<std::string::String, serde_json::Value>>,
);

/// First element in an expression array. May be followed by a number of arguments.
#[derive(PartialEq, Debug, Clone)]
#[cfg_attr(feature = "fuzz", derive(arbitrary::Arbitrary))]
pub enum ExpressionName {
    /// Returns a `formatted` string for displaying mixed-format text in the `text-field` property.
    Format(Vec<ExpressionNameFormatVariadicRow>),
}

impl<'de> serde::Deserialize<'de> for ExpressionName {
    fn deserialize<D>(deserializer: D) -> Result<Self, D::Error>
    where
        D: serde::Deserializer<'de>,
    {
        deserializer.deserialize_seq(ExpressionNameVisitor)
    }
}

/// Visitor for deserializing the syntax enum [`ExpressionName`]
struct ExpressionNameVisitor;

impl<'de> serde::de::Visitor<'de> for ExpressionNameVisitor {
    type Value = ExpressionName;

    fn expecting(&self, formatter: &mut std::fmt::Formatter) -> std::fmt::Result {
        formatter.write_str("an ExpressionName expression (example: [\"format\",[\"upcase\",[\"get\",\"FacilityName\"]],{\"font-scale\":0.8},\"\\n\\n\",{},[\"downcase\",[\"get\",\"Comments\"]],{\"font-scale\":0.6}])")
    }

    fn visit_seq<A: serde::de::SeqAccess<'de>>(self, mut seq: A) -> Result<Self::Value, A::Error> {
        /// Reads the next element from the sequence or reports a missing field error.
        #[allow(dead_code)]
        fn visit_seq_field<'de, A, T>(seq: &mut A, name: &'static str) -> Result<T, A::Error>
        where
            A: serde::de::SeqAccess<'de>,
            T: serde::Deserialize<'de>,
        {
            seq.next_element()?
                .ok_or_else(|| serde::de::Error::missing_field(name))
        }

        // First element: operator string
        let op: std::string::String = seq
            .next_element()?
            .ok_or_else(|| serde::de::Error::custom("missing operator"))?;
        match op.as_str() {
            "format" => {
                let mut inputs = Vec::new();
                while let Some(input_i) = seq.next_element()? {
                    let style_overrides_i = seq.next_element()?; // optional param
                    let element = ExpressionNameFormatVariadicRow(input_i, style_overrides_i);
                    inputs.push(element);
                }
                if inputs.is_empty() {
                    return Err(serde::de::Error::custom(
                        "ExpressionName::Format requires at least one argument",
                    ));
                }
                Ok(ExpressionName::Format(inputs))
            }
            _ => Err(serde::de::Error::unknown_variant(&op, &["format"])),
        }
    }
}

impl serde::Serialize for ExpressionName {
    fn serialize<S>(&self, serializer: S) -> Result<S::Ok, S::Error>
    where
        S: serde::Serializer,
    {
        use serde::ser::SerializeSeq;
        match self {
            ExpressionName::Format(inner) => {
                let inner_val = serde_json::to_value(inner).map_err(serde::ser::Error::custom)?;
                let mut seq = serializer.serialize_seq(None)?;
                seq.serialize_element("format")?;
                if let serde_json::Value::Array(top) = &inner_val {
                    for elem in top {
                        if let serde_json::Value::Array(sub) = elem {
                            // An array-of-arrays is the Vec<(A,B)> — flatten it.
                            if !sub.is_empty() && sub[0].is_array() {
                                for pair in sub {
                                    if let serde_json::Value::Array(pair_elems) = pair {
                                        for pe in pair_elems {
                                            seq.serialize_element(pe)?;
                                        }
                                    } else {
                                        seq.serialize_element(pair)?;
                                    }
                                }
                            } else {
                                // Plain array value (e.g. a sub-expression like ["zoom"]).
                                seq.serialize_element(elem)?;
                            }
                        } else {
                            seq.serialize_element(elem)?;
                        }
                    }
                } else {
                    seq.serialize_element(&inner_val)?;
                }
                seq.end()
            }
        }
    }
}

#[cfg(test)]
mod test {
    use super::*;

    #[rstest::rstest]
    #[case::t_format(serde_json::json!(["format",["upcase",["get","FacilityName"]],{"font-scale":0.8},"\n\n",{},["downcase",["get","Comments"]],{"font-scale":0.6}]))]
    fn test_example_expression_name_decodes(#[case] example: serde_json::Value) {
        let _ = serde_json::from_value::<ExpressionName>(example).expect("example should decode");
    }
}

/// An expression node or a literal JSON value in expression positions.
#[derive(serde::Deserialize, serde::Serialize, PartialEq, Debug, Clone)]
#[cfg_attr(feature = "fuzz", derive(arbitrary::Arbitrary))]
#[serde(untagged)]
pub enum ExprOrLiteral {
    Null,
    Bool(bool),
    NumberLiteral(NumberLiteral),
    StringLiteral(StringLiteral),
    GeoJSONObjectLiteral(GeoJSONObjectLiteral),
    JSONObjectLiteral(JSONObjectLiteral),
    JSONArrayLiteral(JSONArrayLiteral),
    AnyExpr(Box<Any>),
    ArrayExpr(Box<Array>),
    BooleanExpr(Box<Boolean>),
    CollatorExpr(Box<Collator>),
    ColorExpr(Box<Color>),
    FormattedExpr(Box<Formatted>),
    ImageExpr(Box<Image>),
    NumberExpr(Box<Number>),
    ObjectExpr(Box<Object>),
    StringExpr(Box<String>),
}
