---
source: maplibre-style-spec/src/generator/items/enum/regular.rs
expression: "crate::generator::generate_spec_scope(&spec)"
---
/// JSON number in an expression position
#[derive(serde::Deserialize, serde::Serialize, PartialEq, Debug, Clone)]
pub struct NumberLiteral(serde_json::Number);

/// JSON string in an expression position
#[derive(serde::Deserialize, serde::Serialize, PartialEq, Debug, Clone)]
pub struct StringLiteral(std::string::String);

/// GeoJSON object literal
#[derive(serde::Deserialize, serde::Serialize, PartialEq, Debug, Clone)]
pub struct GeoJSONObjectLiteral(geojson::GeoJson);

/// JSON object literal
#[derive(serde::Deserialize, serde::Serialize, PartialEq, Debug, Clone)]
pub struct JSONObjectLiteral(serde_json::Value);

/// JSON array literal
#[derive(serde::Deserialize, serde::Serialize, PartialEq, Debug, Clone)]
pub struct JSONArrayLiteral(Vec<serde_json::Value>);

/// Array whose elements are string literals (e.g. match labels)
#[derive(serde::Deserialize, serde::Serialize, PartialEq, Debug, Clone)]
pub struct ArrayOfStringLiteral(Vec<StringLiteral>);

/// Array whose elements are number literals (e.g. match labels)
#[derive(serde::Deserialize, serde::Serialize, PartialEq, Debug, Clone)]
pub struct ArrayOfNumberLiteral(Vec<NumberLiteral>);

/// This is a Maplibre Style Specification
#[derive(serde::Deserialize, serde::Serialize, PartialEq, Debug, Clone)]
pub struct MaplibreStyleSpecification;

/// The color space in which colors interpolated. Interpolating colors in perceptual color spaces like LAB and HCL tend to produce color ramps that look more consistent and produce colors that can be differentiated more easily than those interpolated in RGB space.
#[derive(serde::Deserialize, serde::Serialize, PartialEq, Eq, Debug, Clone, Copy)]
pub enum ColorSpace {
    /// Use the HCL color space to interpolate color values, interpolating the Hue, Chroma, and Luminance channels individually.
    #[serde(rename="hcl")]
    Hcl,
    /// Use the LAB color space to interpolate color values.
    #[serde(rename="lab")]
    Lab,
    /// Use the RGB color space to interpolate color values
    #[serde(rename="rgb")]
    Rgb,
}

impl Default for ColorSpace {
    fn default() -> Self {
        Self::Rgb
    }
}

#[cfg(test)]
mod test {
    use super::*;

}
