---
source: maplibre-style-spec/src/generator/mod.rs
expression: generate_spec_scope(&spec)
---
/// JSON number in an expression position
#[derive(serde::Deserialize, serde::Serialize, PartialEq, Debug, Clone)]
#[cfg_attr(feature = "fuzz", derive(arbitrary::Arbitrary))]
pub struct NumberLiteral(
    #[cfg_attr(feature = "fuzz", arbitrary(with = crate::fuzz_helpers::arbitrary_json_number))]
    serde_json::Number,
);

/// JSON string in an expression position
#[derive(serde::Deserialize, serde::Serialize, PartialEq, Debug, Clone)]
#[cfg_attr(feature = "fuzz", derive(arbitrary::Arbitrary))]
pub struct StringLiteral(std::string::String);

/// GeoJSON object literal
#[derive(serde::Deserialize, serde::Serialize, PartialEq, Debug, Clone)]
#[cfg_attr(feature = "fuzz", derive(arbitrary::Arbitrary))]
pub struct GeoJSONObjectLiteral(
    #[cfg_attr(feature = "fuzz", arbitrary(with = crate::fuzz_helpers::arbitrary_geojson))]
    geojson::GeoJson,
);

/// JSON object literal
#[derive(serde::Deserialize, serde::Serialize, PartialEq, Debug, Clone)]
#[cfg_attr(feature = "fuzz", derive(arbitrary::Arbitrary))]
pub struct JSONObjectLiteral(
    #[cfg_attr(feature = "fuzz", arbitrary(with = crate::fuzz_helpers::arbitrary_json_value))]
    serde_json::Value,
);

/// JSON array literal
#[derive(serde::Deserialize, serde::Serialize, PartialEq, Debug, Clone)]
#[cfg_attr(feature = "fuzz", derive(arbitrary::Arbitrary))]
pub struct JSONArrayLiteral(
    #[cfg_attr(feature = "fuzz", arbitrary(with = crate::fuzz_helpers::arbitrary_vec_json_value))]
    Vec<serde_json::Value>,
);

/// Array whose elements are string literals (e.g. match labels)
#[derive(serde::Deserialize, serde::Serialize, PartialEq, Debug, Clone)]
#[cfg_attr(feature = "fuzz", derive(arbitrary::Arbitrary))]
pub struct ArrayOfStringLiteral(Vec<StringLiteral>);

/// Array whose elements are number literals (e.g. match labels)
#[derive(serde::Deserialize, serde::Serialize, PartialEq, Debug, Clone)]
#[cfg_attr(feature = "fuzz", derive(arbitrary::Arbitrary))]
pub struct ArrayOfNumberLiteral(Vec<NumberLiteral>);

/// This is a Maplibre Style Specification
#[derive(serde::Deserialize, serde::Serialize, PartialEq, Debug, Clone)]
#[cfg_attr(feature = "fuzz", derive(arbitrary::Arbitrary))]
pub struct MaplibreStyleSpecification;

/// A number between 0 and 10.
#[derive(serde::Deserialize, serde::Serialize, PartialEq, Debug, Clone)]
#[cfg_attr(feature = "fuzz", derive(arbitrary::Arbitrary))]
pub struct NumberOne(
    #[cfg_attr(feature = "fuzz", arbitrary(with = crate::fuzz_helpers::arbitrary_json_number))]
    serde_json::Number,
);

impl Default for NumberOne {
    fn default() -> Self {
        Self(serde_json::Number::from_i128(0).expect("the number is serialised from a number and is thus always valid"))
    }
}

#[cfg(test)]
mod test {
    use super::*;

}
